
> build
> vite build

[@lovable.dev/vite-tanstack-config] No Lovable context detected ΓÇö skipping nitro deploy plugin. Pass `nitro: true` (or `nitro: { ... }`) to force-enable.
node.exe : [33mThe plugin "vite-tsconfig-paths" is detected. Vite now 
supports tsconfig paths resolution natively via the 
[1mresolve.tsconfigPaths[22m option. You can remove the plugin and set 
[1mresolve.tsconfigPaths: true[22m in your Vite config instead.[39m
At line:1 char:1
+ & "C:\Program Files\nodejs/node.exe" "C:\Users\fivia\AppData\Roaming\ ...
+ ~~~~~~~~~~~~~~~~~~~~~~~~~~~~~~~~~~~~~~~~~~~~~~~~~~~~~~~~~~~~~~~~~~~~~
    + CategoryInfo          : NotSpecified: ([33mThe plugin...g instead.[39m 
   :String) [], RemoteException
    + FullyQualifiedErrorId : NativeCommandError
 
[@lovable.dev/vite-tanstack-config] No Lovable context detected ΓÇö skipping nitro deploy plugin. Pass `nitro: true` (or `nitro: { ... }`) to force-enable.
[33mThe plugin "vite-tsconfig-paths" is detected. Vite now supports tsconfig 
paths resolution natively via the [1mresolve.tsconfigPaths[22m option. You 
can remove the plugin and set [1mresolve.tsconfigPaths: true[22m in your 
Vite config instead.[39m
[@lovable.dev/vite-tanstack-config] No Lovable context detected ΓÇö skipping nitro deploy plugin. Pass `nitro: true` (or `nitro: { ... }`) to force-enable.
[33mThe plugin "vite-tsconfig-paths" is detected. Vite now supports tsconfig 
paths resolution natively via the [1mresolve.tsconfigPaths[22m option. You 
can remove the plugin and set [1mresolve.tsconfigPaths: true[22m in your 
Vite config instead.[39m
[36mvite v8.0.16 [32mbuilding client environment for production...[36m[39m
[2K
[33m[plugin tanstack-start-core::server-fn:client] C:/Users/fivia/Downloads/ki
itec-hotspot-manager-main/src/lib/router.functions.ts:34:37 
createServerFn().inputValidator() is deprecated. Use 
createServerFn().validator() instead.[39m
[33m[plugin tanstack-start-core::server-fn:client] C:/Users/fivia/Downloads/ki
itec-hotspot-manager-main/src/lib/router.functions.ts:115:36 
createServerFn().inputValidator() is deprecated. Use 
createServerFn().validator() instead.[39m
transforming...Γ£ô 2091 modules transformed.
rendering chunks...
computing gzip size...
dist/client/assets/kiitec-logo-Bt5mbPms.png      113.05 kB
dist/client/assets/styles-BgHOIcfV.css            84.32 kB Γöé gzip:  14.22 kB
dist/client/assets/kiitec-logo-C2Au_8RG.js         0.05 kB Γöé gzip:   0.07 kB
dist/client/assets/loader-circle-BFHh-K7f.js       0.13 kB Γöé gzip:   0.14 kB
dist/client/assets/power-qO8LQoVP.js               0.16 kB Γöé gzip:   0.15 kB
dist/client/assets/search-9NzywuME.js              0.16 kB Γöé gzip:   0.16 kB
dist/client/assets/skeleton-BvjZTxDJ.js            0.19 kB Γöé gzip:   0.16 kB
dist/client/assets/copy-m9BVS9dL.js                0.22 kB Γöé gzip:   0.19 kB
dist/client/assets/wifi-Bt4hnrL3.js                0.27 kB Γöé gzip:   0.19 kB
dist/client/assets/users-S91lQa6n.js               0.29 kB Γöé gzip:   0.21 kB
dist/client/assets/shield-check-CG8_dHD2.js        0.31 kB Γöé gzip:   0.24 kB
dist/client/assets/refresh-cw-B2WBYbSV.js          0.31 kB Γöé gzip:   0.21 kB
dist/client/assets/ticket-BGrsBWdo.js              0.31 kB Γöé gzip:   0.20 kB
dist/client/assets/key-round-BtCNUxfG.js           0.34 kB Γöé gzip:   0.25 kB
dist/client/assets/shield-x-DDZsKN72.js            0.34 kB Γöé gzip:   0.25 kB
dist/client/assets/package-CFwuGQqT.js             0.36 kB Γöé gzip:   0.24 kB
dist/client/assets/radio-DWFe0S5v.js               0.36 kB Γöé gzip:   0.24 kB
dist/client/assets/reports-DOhg96EZ.js             0.41 kB Γöé gzip:   0.31 kB
dist/client/assets/login-pages--6qRW_bk.js         0.42 kB Γöé gzip:   0.31 kB
dist/client/assets/audit-logs-B4GC88Uv.js          0.44 kB Γöé gzip:   0.31 kB
dist/client/assets/router.functions-BJlbRh7X.js    0.46 kB Γöé gzip:   0.30 kB
dist/client/assets/label-CT1d540L.js               0.58 kB Γöé gzip:   0.38 kB
dist/client/assets/input-DIF9-iIl.js               0.58 kB Γöé gzip:   0.36 kB
dist/client/assets/dist-yM7X80y8.js                0.72 kB Γöé gzip:   0.45 kB
dist/client/assets/router-utils-BpwkNk-s.js        0.94 kB Γöé gzip:   0.49 kB
dist/client/assets/card-DVdTwafP.js                1.02 kB Γöé gzip:   0.37 kB
dist/client/assets/voucher-utils-CfDRFjnP.js       1.04 kB Γöé gzip:   0.53 kB
dist/client/assets/alert-CR7H4FjL.js               1.15 kB Γöé gzip:   0.58 kB
dist/client/assets/dist-yDtbbh0h.js                1.30 kB Γöé gzip:   0.65 kB
dist/client/assets/users-DYNV8-L0.js               2.17 kB Γöé gzip:   0.99 kB
dist/client/assets/roles-CCoBM4_W.js               2.18 kB Γöé gzip:   1.00 kB
dist/client/assets/useMutation-DaYdv9p-.js         2.24 kB Γöé gzip:   0.93 kB
dist/client/assets/dist-Ds6phMvB.js                2.65 kB Γöé gzip:   1.04 kB
dist/client/assets/staff-CPL69IFh.js               2.73 kB Γöé gzip:   1.19 kB
dist/client/assets/dist-CVVFVKj7.js                3.51 kB Γöé gzip:   1.56 kB
dist/client/assets/switch-BkdJQC48.js              3.57 kB Γöé gzip:   1.54 kB
dist/client/assets/nav-BP16b0OD.js                 3.66 kB Γöé gzip:   1.29 kB
dist/client/assets/wireguard-BSjF1Zwn.js           4.38 kB Γöé gzip:   1.69 kB
dist/client/assets/alert-dialog-DOYmwn9h.js        4.63 kB Γöé gzip:   1.70 kB
dist/client/assets/sessions-9jbJnYQd.js            4.70 kB Γöé gzip:   1.96 kB
dist/client/assets/auth-middleware-DN1savP-.js     4.74 kB Γöé gzip:   1.99 kB
dist/client/assets/dist-CYANycWB.js                5.50 kB Γöé gzip:   2.26 kB
dist/client/assets/diagnostics-DDsDn2sJ.js         6.35 kB Γöé gzip:   1.87 kB
dist/client/assets/settings-mZj6nP9C.js            8.36 kB Γöé gzip:   3.01 kB
dist/client/assets/useQuery-C25dOrKy.js            8.78 kB Γöé gzip:   3.20 kB
dist/client/assets/dashboard-CIDR5Ys5.js           9.87 kB Γöé gzip:   3.08 kB
dist/client/assets/router-Db4ZRfWR.js             11.63 kB Γöé gzip:   4.18 kB
dist/client/assets/packages-DXFuTiGD.js           14.26 kB Γöé gzip:   4.50 kB
dist/client/assets/select-DHcFfN5y.js             24.44 kB Γöé gzip:   8.09 kB
dist/client/assets/dist-BEvSwWDf.js               24.45 kB Γöé gzip:   8.62 kB
dist/client/assets/dist-CJsD1Vhc.js               26.57 kB Γöé gzip:  10.27 kB
dist/client/assets/vouchers-CFUCJaPW.js           26.95 kB Γöé gzip:   8.38 kB
dist/client/assets/route-BTyejF7u.js              30.76 kB Γöé gzip:   9.03 kB
dist/client/assets/auth-CUlsFU5q.js               69.82 kB Γöé gzip:  17.94 kB
dist/client/assets/button-glgvLw5f.js            250.15 kB Γöé gzip:  67.66 kB
dist/client/assets/index-Ba1WjzXv.js             376.83 kB Γöé gzip: 116.72 kB

[33m[33m[PLUGIN_TIMINGS] [0mYour build spent significant time in plugins. 
Here is a breakdown:
  - vite-tsconfig-paths (63%)
  - tanstack-start-core:import-protection (23%)
  - tanstack-start-core:import-protection-transform-cache (13%)
See https://rolldown.rs/options/checks#plugintimings for more details.
[39m
[32mΓ£ô built in 11.28s[39m
[36mvite v8.0.16 [32mbuilding ssr environment for production...[36m[39m
[2K
[33m[plugin tanstack-start-core::server-fn:ssr] C:/Users/fivia/Downloads/kiite
c-hotspot-manager-main/src/lib/router.functions.ts?tss-serverfn-split:34:37 
createServerFn().inputValidator() is deprecated. Use 
createServerFn().validator() instead.[39m
[33m[plugin tanstack-start-core::server-fn:ssr] C:/Users/fivia/Downloads/kiite
c-hotspot-manager-main/src/lib/router.functions.ts?tss-serverfn-split:115:36 
createServerFn().inputValidator() is deprecated. Use 
createServerFn().validator() instead.[39m
[33m[plugin tanstack-start-core::server-fn:ssr] C:/Users/fivia/Downloads/kiite
c-hotspot-manager-main/src/lib/router.functions.ts:34:37 
createServerFn().inputValidator() is deprecated. Use 
createServerFn().validator() instead.[39m
[33m[plugin tanstack-start-core::server-fn:ssr] C:/Users/fivia/Downloads/kiite
c-hotspot-manager-main/src/lib/router.functions.ts:115:36 
createServerFn().inputValidator() is deprecated. Use 
createServerFn().validator() instead.[39m
transforming...Γ£ô 145 modules transformed.
rendering chunks...
computing gzip size...
dist/server/assets/kiitec-logo-h74m57y8.js                             0.14 kB Γöé gzip:  0.12 kB
dist/server/assets/empty-plugin-adapters-D9UWiqvJ.js                   0.22 kB Γöé gzip:  0.16 kB
dist/server/assets/skeleton-Cdo3-QLC.js                                0.33 kB Γöé gzip:  0.25 kB
dist/server/assets/createServerRpc-TAUNrjZd.js                         0.39 kB Γöé gzip:  0.27 kB
dist/server/assets/label-YsFshXC7.js                                   0.64 kB Γöé gzip:  0.39 kB
dist/server/assets/reports-BSq4t3Vz.js                                 0.64 kB Γöé gzip:  0.42 kB
dist/server/assets/login-pages-C60R9lts.js                             0.66 kB Γöé gzip:  0.42 kB
dist/server/assets/audit-logs-B5-T7f22.js                              0.68 kB Γöé gzip:  0.43 kB
dist/server/assets/input-Dk8rB1Tk.js                                   0.76 kB Γöé gzip:  0.46 kB
dist/server/assets/client-SvKd5Sg-.js                                  0.76 kB Γöé gzip:  0.52 kB
dist/server/assets/badge-CWa4tFg4.js                                   0.98 kB Γöé gzip:  0.51 kB
dist/server/assets/client.server-D1oHePJa.js                           1.01 kB Γöé gzip:  0.49 kB
dist/server/assets/start-DZHdclLY.js                                   1.07 kB Γöé gzip:  0.56 kB
dist/server/assets/switch-CL_COXoO.js                                  1.10 kB Γöé gzip:  0.56 kB
dist/server/assets/createSsrRpc-fTAwiTdO.js                            1.22 kB Γöé gzip:  0.59 kB
dist/server/assets/router.server-DPYxDjgT.js                           1.28 kB Γöé gzip:  0.63 kB
dist/server/assets/__23tanstack-start-server-fn-resolver-DQR3MP0d.js   1.39 kB Γöé gzip:  0.63 kB
dist/server/assets/alert-Dc81a7ST.js                                   1.39 kB Γöé gzip:  0.61 kB
dist/server/assets/card-Bz24uguV.js                                    1.57 kB Γöé gzip:  0.49 kB
dist/server/assets/createStart-Dt05N14y.js                             1.65 kB Γöé gzip:  0.57 kB
dist/server/assets/auth-middleware-Dpn8S0gM.js                         1.86 kB Γöé gzip:  0.81 kB
dist/server/assets/router.functions-DD4uC-7P.js                        1.87 kB Γöé gzip:  0.85 kB
dist/server/assets/nav-CiukzZQq.js                                     1.87 kB Γöé gzip:  0.60 kB
dist/server/assets/router-utils-68L1PpS1.js                            1.89 kB Γöé gzip:  0.88 kB
dist/server/assets/voucher-utils-BOQ6IwuL.js                           2.09 kB Γöé gzip:  0.99 kB
dist/server/assets/table-Dp9Izis6.js                                   2.31 kB Γöé gzip:  0.69 kB
dist/server/assets/PageParts-BtlrkZnG.js                               2.79 kB Γöé gzip:  0.96 kB
dist/server/server.js                                                  3.27 kB Γöé gzip:  1.41 kB
dist/server/assets/alert-dialog-DsVCIgVG.js                            3.36 kB Γöé gzip:  0.90 kB
dist/server/assets/textarea-Bqs9kPt6.js                                3.59 kB Γöé gzip:  1.15 kB
dist/server/assets/vouchers.functions-DzNOWcbI.js                      3.63 kB Γöé gzip:  1.54 kB
dist/server/assets/users-Kqp_ptV7.js                                   3.80 kB Γöé gzip:  1.41 kB
dist/server/assets/roles-U6zP5kw4.js                                   3.81 kB Γöé gzip:  1.42 kB
dist/server/assets/button-D0ZKnY-M.js                                  4.14 kB Γöé gzip:  1.62 kB
dist/server/assets/staff-BdZM7y94.js                                   4.65 kB Γöé gzip:  1.64 kB
dist/server/assets/router.functions-Y3kmdsUB.js                        4.99 kB Γöé gzip:  1.53 kB
dist/server/assets/wireguard-BPHvYqlH.js                               5.79 kB Γöé gzip:  1.87 kB
dist/server/assets/sessions-BgKaUQXy.js                                7.21 kB Γöé gzip:  2.41 kB
dist/server/assets/_tanstack-start-manifest_v-BywbV2fc.js              8.28 kB Γöé gzip:  1.46 kB
dist/server/assets/select-CzqzYU7r.js                                  8.39 kB Γöé gzip:  2.24 kB
dist/server/assets/diagnostics-BfYGBC1_.js                             9.56 kB Γöé gzip:  2.24 kB
dist/server/assets/auth-QNfW7MFN.js                                   11.96 kB Γöé gzip:  3.52 kB
dist/server/assets/settings-wDBGoXuq.js                               12.21 kB Γöé gzip:  3.48 kB
dist/server/assets/router-Cx_3dB8o.js                                 12.80 kB Γöé gzip:  3.57 kB
dist/server/assets/dashboard-B8esxKpL.js                              13.03 kB Γöé gzip:  3.23 kB
dist/server/assets/esm-9EjmF9OT.js                                    14.94 kB Γöé gzip:  4.27 kB
dist/server/assets/mikrotik-api.server-B_VYJV7e.js                    15.18 kB Γöé gzip:  3.86 kB
dist/server/assets/route-Bcm3JnYc.js                                  16.72 kB Γöé gzip:  3.90 kB
dist/server/assets/packages-CJ6sb1wp.js                               22.51 kB Γöé gzip:  5.39 kB
dist/server/assets/router-B7dgRFk2.js                                 35.86 kB Γöé gzip:  7.26 kB
dist/server/assets/vouchers-Bma_qpG5.js                               38.47 kB Γöé gzip:  9.02 kB
dist/server/assets/server-CFhyPSrW.js                                 50.46 kB Γöé gzip: 13.05 kB

[32mΓ£ô built in 6.63s[39m
